---
source: crates/leafbuild-syntax/src/parser/mod.rs
expression: "x =\n    1\n"

---
- BUILD_DEFINITION 0..10
  - ASSIGNMENT_STMT 0..10
    - PRIMARY_EXPR 0..1
      - "x" IDENT 0..1
    - " " WHITESPACE 1..2
    - "=" EQ 2..3
    - "\n" NEWLINE 3..4
    - "    " WHITESPACE 4..8
    - PRIMARY_EXPR 8..9
      - "1" INT_NUMBER 8..9
    - "\n" NEWLINE 9..10

