---
source: crates/leafbuild-syntax/src/parser/mod.rs
expression: "foreach a in b {}\n"

---
- ROOT 0..18
  - Foreach 0..17
    - "foreach" FOREACH_KW 0..7
    - " " WHITESPACE 7..8
    - Expr 8..9
      - PrimaryExpr 8..9
        - "a" ID 8..9
    - " " WHITESPACE 9..10
    - "in" IN_KW 10..12
    - " " WHITESPACE 12..13
    - Expr 13..14
      - PrimaryExpr 13..14
        - "b" ID 13..14
    - " " WHITESPACE 14..15
    - ExprBlock 15..17
      - "{" L_BRACE 15..16
      - "}" R_BRACE 16..17
  - "\n" NEWLINE 17..18

