---
source: crates/leafbuild-syntax/src/parser/mod.rs
expression: "x = f(a = b, c = d)\n"

---
- ROOT 0..20
  - Assignment 0..20
    - Expr 0..1
      - PrimaryExpr 0..1
        - "x" ID 0..1
    - " " WHITESPACE 1..2
    - "=" EQ 2..3
    - " " WHITESPACE 3..4
    - Expr 4..19
      - FuncCallExpr 4..19
        - PrimaryExpr 4..5
          - "f" ID 4..5
        - FuncCallArgs 5..19
          - "(" L_PAREN 5..6
          - KExpr 6..11
            - "a" ID 6..7
            - " " WHITESPACE 7..8
            - "=" EQ 8..9
            - " " WHITESPACE 9..10
            - Expr 10..11
              - PrimaryExpr 10..11
                - "b" ID 10..11
          - "," COMMA 11..12
          - " " WHITESPACE 12..13
          - KExpr 13..18
            - "c" ID 13..14
            - " " WHITESPACE 14..15
            - "=" EQ 15..16
            - " " WHITESPACE 16..17
            - Expr 17..18
              - PrimaryExpr 17..18
                - "d" ID 17..18
          - ")" R_PAREN 18..19
    - "\n" NEWLINE 19..20

