---
source: crates/leafbuild-syntax/src/parser/mod.rs
expression: "return\n        1\n"

---
- ROOT 0..17
  - ControlStatement 0..7
    - "return" RETURN_KW 0..6
    - "\n" NEWLINE 6..7
  - "        " WHITESPACE 7..15
  - Expr 15..16
    - PrimaryExpr 15..16
      - "1" NUM 15..16
  - "\n" NEWLINE 16..17

