---
source: crates/leafbuild-syntax/src/parser/mod.rs
expression: "if a {} else if b {} else {}\n"

---
- BUILD_DEFINITION 0..29
  - EXPR_EVAL_STMT 0..29
    - PRIMARY_EXPR 0..28
      - CONDITIONAL 0..28
        - "if" IF_KW 0..2
        - " " WHITESPACE 2..3
        - PRIMARY_EXPR 3..4
          - "a" IDENT 3..4
        - " " WHITESPACE 4..5
        - BLOCK 5..7
          - "{" L_CURLY 5..6
          - "}" R_CURLY 6..7
        - " " WHITESPACE 7..8
        - "else" ELSE_KW 8..12
        - " " WHITESPACE 12..13
        - "if" IF_KW 13..15
        - " " WHITESPACE 15..16
        - PRIMARY_EXPR 16..17
          - "b" IDENT 16..17
        - " " WHITESPACE 17..18
        - BLOCK 18..20
          - "{" L_CURLY 18..19
          - "}" R_CURLY 19..20
        - " " WHITESPACE 20..21
        - "else" ELSE_KW 21..25
        - " " WHITESPACE 25..26
        - BLOCK 26..28
          - "{" L_CURLY 26..27
          - "}" R_CURLY 27..28
    - "\n" NEWLINE 28..29

