---
source: crates/leafbuild-syntax/src/parser/mod.rs
expression: "a = if b\n{\n\n}\n\nelse\n{\n\n\n}\n"

---
- ROOT 0..26
  - Assignment 0..26
    - Expr 0..1
      - PrimaryExpr 0..1
        - "a" ID 0..1
    - " " WHITESPACE 1..2
    - "=" EQ 2..3
    - " " WHITESPACE 3..4
    - Expr 4..25
      - PrimaryExpr 4..25
        - Conditional 4..25
          - ConditionalBranch 4..13
            - "if" IF_KW 4..6
            - " " WHITESPACE 6..7
            - Expr 7..8
              - PrimaryExpr 7..8
                - "b" ID 7..8
            - "\n" NEWLINE 8..9
            - ExprBlock 9..13
              - "{" L_BRACE 9..10
              - "\n" NEWLINE 10..11
              - "\n" NEWLINE 11..12
              - "}" R_BRACE 12..13
          - "\n" NEWLINE 13..14
          - "\n" NEWLINE 14..15
          - "else" ELSE_KW 15..19
          - "\n" NEWLINE 19..20
          - ExprBlock 20..25
            - "{" L_BRACE 20..21
            - "\n" NEWLINE 21..22
            - "\n" NEWLINE 22..23
            - "\n" NEWLINE 23..24
            - "}" R_BRACE 24..25
    - "\n" NEWLINE 25..26

